// Jest Snapshot v1, https://goo.gl/fbAQLP

exports[`useDevtools - mounted should render without errors (with title) 1`] = `
<div>
  <div
    data-testid="value"
  >
    0
  </div>
  <button
    data-testid="increment"
  >
    Increment
  </button>
  <button
    data-testid="decrement"
  >
    Decrement
  </button>
</div>
`;

exports[`useDevtools - mounted should render without errors (without title) 1`] = `
<div>
  <div
    data-testid="value"
  >
    0
  </div>
  <button
    data-testid="increment"
  >
    Increment
  </button>
  <button
    data-testid="decrement"
  >
    Decrement
  </button>
</div>
`;
